// Jest Snapshot v1, https://goo.gl/fbAQLP

exports[`gql blog getBlogPosts should call request with the correct gql 1`] = `
"
    query Blog {
      posts(orderBy: date_DESC, where: { OR: [{ devOnly: null }, { devOnly: false }] }) {
        slug
        title
        date
        excerpt
      }
      postPages(first: 1) {
        seo {
          title
          description
          noIndex
        }
      }
    }
  "
`;
